Γû▓ Next.js 16.1.6 (Turbopack)
- Environments: .env.local

  Creating an optimized production build ...
Γ£ô Compiled successfully in 2.0s
  Running TypeScript ...
node.exe : Failed to 
compile.
At line:1 char:1
+ & "C:\Program Files\
nodejs/node.exe" 
"C:\Program 
Files\nodejs/node_mo 
...
+ ~~~~~~~~~~~~~~~~~~~~
~~~~~~~~~~~~~~~~~~~~~~
~~~~~~~~~~~~~~~~~~~~~~
~~~~~
    + CategoryInfo    
          : NotSpeci  
  fied: (Failed to    
 compile.:String)     
[], RemoteExcepti    
on
    + FullyQualifiedE 
   rrorId : NativeCo  
  mmandError
 

./app/[username]/[slug
]/page.tsx:8:32
Type error: Parameter 
'page' implicitly has 
an 'any' type.

[0m [90m  6 |[39m 
[36mexport[39m 
[36mconst[39m 
dynamic [33m=[39m [
32m'force-dynamic'[39
m[33m;[39m
 [90m  7 |[39m
[31m[1m>[22m[39m[
90m  8 |[39m 
[36mconst[39m 
getBoxBackgroundStyle 
[33m=[39m (page) 
[33m=>[39m {
 [90m    |[39m      
                      
    
[31m[1m^[22m[39m
 [90m  9 |[39m     
[36mconst[39m 
bgType [33m=[39m pag
e[33m?[39m[33m.[39
mpage_bg_type 
[33m||[39m [32m"gra
dient"[39m[33m;[39m
 [90m 10 |[39m     
[36mif[39m (bgType 
[33m===[39m 
[32m"image"[39m 
[33m&&[39m page[33m
?[39m[33m.[39mpage_
bg_image) {
 [90m 11 |[39m      
   [36mreturn[39m 
{[0m
Next.js build worker 
exited with code: 1 
and signal: null
