
> linktree-clone@0.1.0 build
> next build

Γû▓ Next.js 16.1.6 (Turbopack)
- Environments: .env.local

  Creating an optimized production build ...
node.exe : 
At line:1 char:1
+ & "C:\Program Files\
nodejs/node.exe" 
"C:\Program 
Files\nodejs/node_mo 
...
+ ~~~~~~~~~~~~~~~~~~~~
~~~~~~~~~~~~~~~~~~~~~~
~~~~~~~~~~~~~~~~~~~~~~
~~~~~
    + CategoryInfo    
          : NotSpeci  
  fied: (:String) [   
 ], RemoteExceptio    
n
    + FullyQualifiedE 
   rrorId : NativeCo  
  mmandError
 
> Build error occurred
Error: Turbopack 
build failed with 1 
errors:
./components/LinkForm.
tsx:509:1
Parsing ecmascript 
source code failed
[0m [90m 507 |[39m 
        [33m<[39m[3
3mpath[39m d[33m=[3
9m[32m"M20.317 
4.3698a19.7913 
19.7913 0 00-4.8851-1.
5152.0741.0741 0 00-.0
785.0371c-.211.3753-.4
447.8648-.6083 1.2495-
1.8447-.2762-3.68-.276
2-5.4868 0-.1636-.3933
-.4058-.8742-.6177-1.2
495a.077.077 0 
00-.0785-.037 19.7363 
19.7363 0 00-4.8852 
1.515.0699.0699 0 
00-.0321.0277C.5334 
9.0458-.319 
13.5799.0992 
18.0578a.0824.0824 0 
00.0312.0561c2.0528 
1.5076 4.0413 2.4228 
5.9929 
3.0294a.0777.0777 0 00
.0842-.0276c.4616-.630
4.8731-1.2952 
1.226-1.9942a.076.076 
0 00-.0416-.1057c-.652
8-.2476-1.2743-.5495-1
.8722-.8923a.077.077 
0 01-.0076-.1277c.1258
-.0943.2517-.1923.3718
-.2914a.0743.0743 0 
01.0776-.0105c3.9278 
1.7933 8.18 1.7933 
12.0614 0a.0739.0739 
0 01.0785.0095c.1202.0
99.246.1981.3728.2924a
.077.077 0 
01-.0066.1276 12.2986 
12.2986 0 01-1.873.891
4.0766.0766 0 00-.0407
.1067c.3604.698.7719 
1.3628 1.225 
1.9932a.076.076 0 00.0
842.0286c1.961-.6067 
3.9495-1.5219 6.0023-3
.0294a.077.077 0 00.03
13-.0552c.5004-5.177-.
8382-9.6739-3.5485-13.
6604a.061.061 0 
00-.0312-.0286zM8.02 
15.3312c-1.1825 0-2.15
69-1.0857-2.1569-2.419
 0-1.3332.9555-2.4189 
2.157-2.4189 1.2108 0 
2.1757 1.0952 2.1568 
2.419 0 1.3332-.9555 
2.4189-2.1569 
2.4189zm7.9748 
0c-1.1825 0-2.1569-1.0
857-2.1569-2.419 
0-1.3332.9554-2.4189 
2.1569-2.4189 1.2108 
0 2.1757 1.0952 
2.1568 2.419 0 
1.3332-.946 
2.4189-2.1568 
2.4189Z"[39m 
[33m/[39m[33m>[39m
 [90m 508 |[39m     
    [35m431[39m[33m
:[39m       [33m<[3
9m[33m/[39m[33msvg
[39m[33m>[39m
[31m[1m>[22m[39m[
90m 509 |[39m [35m43
2[39m[33m:[39m     
)[33m,[39m
 [90m     |[39m [31
m[1m^[22m[39m[31m
[1m^[22m[39m[31m[1
m^[22m[39m
 [90m 510 |[39m     
[35m433[39m[33m:[3
9m twitch[33m:[39m (
 [90m 511 |[39m     
  [35m434[39m[33m:
[39m [33m<[39m[33ms
vg[39m className[33m
=[39m{size} fill[33m
=[39m{color} viewBox
[33m=[39m[32m"0 0 
24 24"[39m[33m>[39m
 [90m 512 |[39m     
  [35m435[39m[33m:
[39m         [33m<[3
9m[33mpath[39m d[33
m=[39m[32m"M11.571 4
.714h1.715v5.143H11.57
zm4.715 
0H18v5.143h-1.714zM6 
0L1.714 4.286v15.428h5
.143V24l4.286-4.286h3.
428L22.286 
12V0zm14.571 
11.143l-3.428 
3.428h-3.429l-3 3v-3H6
.857V1.714h13.714Z"[3
9m [33m/[39m[33m>[
39m[0m

Expected ',', got 
'numeric literal'

Import traces:
  Client Component 
Browser:
    ./components/LinkF
orm.tsx [Client 
Component Browser]
    ./app/dashboard/pa
ge.tsx [Client 
Component Browser]
    ./app/dashboard/pa
ge.tsx [Server 
Component]

  Client Component 
SSR:
    ./components/LinkF
orm.tsx [Client 
Component SSR]
    ./app/dashboard/pa
ge.tsx [Client 
Component SSR]
    ./app/dashboard/pa
ge.tsx [Server 
Component]


    at <unknown> (./co
mponents/LinkForm.tsx:
509:1)
